--------------------------------------------------------------------------------
Release 14.7 Trace  (nt64)
Copyright (c) 1995-2013 Xilinx, Inc.  All rights reserved.

C:\Xilinx\14.7\ISE_DS\ISE\bin\nt64\unwrapped\trce.exe -intstyle ise -v 3 -s 3
-n 3 -fastpaths -xml locker.twx locker.ncd -o locker.twr locker.pcf -ucf
locker.ucf

Design file:              locker.ncd
Physical constraint file: locker.pcf
Device,package,speed:     xc6slx9,tqg144,C,-3 (PRODUCTION 1.23 2013-10-13)
Report level:             verbose report

Environment Variable      Effect 
--------------------      ------ 
NONE                      No environment variables were set
--------------------------------------------------------------------------------

INFO:Timing:2698 - No timing constraints found, doing default enumeration.
INFO:Timing:3412 - To improve timing, see the Timing Closure User Guide (UG612).
INFO:Timing:2752 - To get complete path coverage, use the unconstrained paths 
   option. All paths that are not constrained will be reported in the 
   unconstrained paths section(s) of the report.
INFO:Timing:3339 - The clock-to-out numbers in this timing report are based on 
   a 50 Ohm transmission line loading model.  For the details of this model, 
   and for more information on accounting for different loading conditions, 
   please see the device datasheet.



Data Sheet report:
-----------------
All values displayed in nanoseconds (ns)

Clock to Setup on destination clock osc_p123
---------------+---------+---------+---------+---------+
               | Src:Rise| Src:Fall| Src:Rise| Src:Fall|
Source Clock   |Dest:Rise|Dest:Rise|Dest:Fall|Dest:Fall|
---------------+---------+---------+---------+---------+
osc_p123       |    2.219|         |         |         |
---------------+---------+---------+---------+---------+

Pad to Pad
---------------+---------------+---------+
Source Pad     |Destination Pad|  Delay  |
---------------+---------------+---------+
esp0_lsb       |k3_5_p140      |    7.960|
esp0_lsb       |k3_7_p138      |    8.873|
esp0_lsb       |k3_9_p134      |    7.653|
esp0_lsb       |k3_11_p132     |    7.928|
esp0_lsb       |k3_13_p127     |    7.765|
esp0_lsb       |k3_15_p124     |    8.373|
esp1           |k3_5_p140      |    7.638|
esp1           |k3_7_p138      |    8.814|
esp1           |k3_9_p134      |    7.581|
esp1           |k3_11_p132     |    7.993|
esp1           |k3_13_p127     |    7.726|
esp1           |k3_15_p124     |    8.071|
esp2_msb       |k3_5_p140      |    8.398|
esp2_msb       |k3_7_p138      |    9.134|
esp2_msb       |k3_9_p134      |    7.954|
esp2_msb       |k3_11_p132     |    8.488|
esp2_msb       |k3_13_p127     |    8.050|
esp2_msb       |k3_15_p124     |    8.709|
---------------+---------------+---------+


Analysis completed Thu Dec 15 16:12:04 2022 
--------------------------------------------------------------------------------

Trace Settings:
-------------------------
Trace Settings 

Peak Memory Usage: 4571 MB



